// Jest Snapshot v1, https://goo.gl/fbAQLP

exports[`preset module extraction (Phase 4.3B/4.3C) snapshot: default slate preset CSS output parity 2`] = `
Object {
  "--activity-report-table-container-bg": "#ffffff",
  "--activity-report-table-head-bg": "#d6dde8",
  "--activity-report-table-head-text": "#000000",
  "--activity-report-table-row-alt-bg": "#f5f5f5",
  "--activity-report-table-row-bg": "#ffffff",
  "--activity-report-table-text": "#000000",
  "--alerts-pagination-bg": "linear-gradient(135deg, rgba(58, 69, 85, 0.78) 0%, rgba(74, 86, 103, 0.70) 100%)",
  "--alerts-pagination-border": "rgba(255, 255, 255, 0.1)",
  "--alerts-pagination-item-bg": "rgba(255, 255, 255, 0.14)",
  "--alerts-pagination-item-disabled-text": "rgba(255, 255, 255, 0.35)",
  "--alerts-pagination-item-hover-bg": "rgba(255, 255, 255, 0.24)",
  "--alerts-pagination-item-selected-bg": "#1c2330",
  "--alerts-pagination-item-selected-text": "#ffffff",
  "--alerts-pagination-item-text": "#ffffff",
  "--alerts-pagination-text": "#ffffff",
  "--alerts-panel-bg": "var(--dashboard-card-background)",
  "--alerts-panel-muted-text": "rgba(255, 255, 255, 0.9)",
  "--alerts-panel-text": "#ffffff",
  "--alerts-table-border": "#c5cdd8",
  "--alerts-table-container-bg": "#d6dde8",
  "--alerts-table-head-bg": "#667285",
  "--alerts-table-head-text": "#ffffff",
  "--alerts-table-row-alt-bg": "#ffffff",
  "--alerts-table-row-bg": "#ffffff",
  "--alerts-table-text": "#111111",
  "--area-groups-border": "#C5CDD8",
  "--area-groups-chip-bg": "#D6DDE8",
  "--area-groups-inner-bg": "#ffffff",
  "--area-groups-panel-bg": "#d6dde8",
  "--area-picker-light-dialog-bg": "#d6dde8",
  "--area-picker-light-dialog-field-text": "rgba(0, 0, 0, 0.87)",
  "--area-picker-light-dialog-title-color": "rgba(0, 0, 0, 0.87)",
  "--auth-button-bg": "#1c2330",
  "--auth-button-hover-bg": "#3D4A5C",
  "--auth-button-text": "#ffffff",
  "--auth-card-bg": "linear-gradient(135deg, #3D4A5C 0%, #4A586C 100%)",
  "--auth-card-border": "#C5CDD8",
  "--auth-card-caption": "#D6DDE8",
  "--auth-card-shadow": "0 8px 32px rgba(0, 0, 0, 0.18)",
  "--auth-card-subtext": "rgba(214, 221, 232, 0.95)",
  "--auth-card-text": "#ffffff",
  "--auth-field-bg": "#ffffff",
  "--auth-field-border": "#C5CDD8",
  "--auth-field-border-focus": "#3D4A5C",
  "--auth-field-text": "#1c2330",
  "--auth-icon-color": "#D6DDE8",
  "--auth-logo-filter": "none",
  "--auth-page-background-image": "none",
  "--dashboard-select-field-text": "rgba(0, 0, 0, 0.87)",
  "--dashboard-select-option-text": "rgba(0, 0, 0, 0.87)",
  "--floor-tool-field-bg": "#ffffff",
  "--floor-tool-field-border": "#C5CDD8",
  "--floor-tool-field-text": "#1c2330",
  "--footer-background": "linear-gradient(180deg, rgba(111, 128, 157, 0.45) 0%, #d7d9e4 100%)",
  "--footer-logo-filter": "none",
  "--footer-text-color": "#1a1a1a",
  "--heatmap-dialog-paper-bg": "#d6dde8",
  "--heatmap-dialog-section-bg": "#3d4a5c",
  "--heatmap-legends-nav-bg": "#ffffff",
  "--heatmap-legends-nav-text": "#000000",
  "--heatmap-rename-dialog-bg": "linear-gradient(160deg, #0a1428 0%, #152238 45%, #1a2d4a 100%)",
  "--heatmap-select-menu-bg": "#d6dde8",
  "--heatmap-select-menu-hover": "rgba(61, 74, 92, 0.12)",
  "--heatmap-select-menu-selected": "rgba(61, 74, 92, 0.22)",
  "--heatmap-select-menu-selected-hover": "rgba(61, 74, 92, 0.28)",
  "--heatmap-sidebar-panel-bg": "#d6dde8",
  "--heatmap-sidebar-panel-border": "#b8c5d6",
  "--heatmap-sidebar-panel-label": "#1a2a42",
  "--heatmap-sidebar-section-bg": "#4a586c",
  "--heatmap-sidebar-section-label-bg": "rgba(0, 0, 0, 0.12)",
  "--heatmap-sidebar-section-text": "#ffffff",
  "--heatmap-tab-pill-bg": "#3d4a5c",
  "--home-field-border": "#C5CDD8",
  "--home-field-surface-bg": "#D6DDE8",
  "--home-tab-active-color": "#3d4a5c",
  "--schedule-event-active-bg": "linear-gradient(90deg, #1E75BB 0%, #3A8DFF 100%)",
  "--schedule-event-active-text": "#ffffff",
  "--schedule-grid-bg": "#3d4a5c",
  "--schedule-modal-bg": "#d6dde8",
  "--schedule-modal-item-selected-bg": "#3d4a5c",
  "--schedule-modal-item-selected-text": "#ffffff",
  "--schedule-modal-title-color": "#000000",
  "--schedule-page-heading-text": "#1a2a42",
  "--schedule-panel-bg": "#d6dde8",
  "--schedule-panel-border": "#b8c5d6",
  "--schedule-panel-label": "#1a2a42",
  "--schedule-section-bg": "#4a586c",
  "--schedule-section-text": "#ffffff",
  "--schedule-status-text": "#1E75BB",
  "--schedule-today-bg": "#1E75BB",
  "--schedule-today-text": "#ffffff",
  "--settings-form-control-bg": "#3d4a5c",
  "--settings-form-control-text": "#ffffff",
  "--settings-form-label-color": "#ffffff",
  "--settings-form-section-bg": "#3d4a5c",
  "--settings-panel-border": "transparent",
  "--settings-panel-button-bg": "#d6dde8",
  "--settings-panel-button-text": "rgba(0, 0, 0, 0.87)",
  "--settings-panel-inner-bg": "#ffffff",
  "--settings-panel-muted-text": "rgba(0, 0, 0, 0.6)",
  "--settings-panel-outer-bg": "#ffffff",
  "--settings-panel-text": "rgba(0, 0, 0, 0.87)",
  "--settings-sidebar-active-bg": "#3d4a5c",
  "--settings-sidebar-active-text": "#ffffff",
  "--settings-sidebar-hover-bg": "rgba(61, 74, 92, 0.18)",
  "--settings-sidebar-text": "#ffffff",
  "--settings-sidebar-title-color": "",
  "--settings-theme-card-bg": "#ffffff",
  "--topbar-nav-active-text": "#1a2a42",
  "--topbar-nav-inactive-text": "#ffffff",
  "--topbar-nav-pill-bg": "rgba(214, 221, 232, 0.95)",
  "--topbar-profile-menu-bg": "#ffffff",
  "--topbar-profile-menu-border": "#C5CDD8",
  "--topbar-profile-menu-hover-bg": "#d6dde8",
  "--topbar-profile-menu-text": "#1c2330",
  "--users-border": "#C5CDD8",
  "--users-chip-bg": "#D6DDE8",
  "--users-confirm-dialog-bg": "#ffffff",
  "--users-input-bg": "#ffffff",
  "--users-input-label-text": "rgba(0, 0, 0, 0.6)",
  "--users-input-placeholder-text": "rgba(0, 0, 0, 0.38)",
  "--users-input-text": "rgba(0, 0, 0, 0.87)",
  "--users-modal-bg": "#d6dde8",
  "--users-modal-info-bg": "#D6DDE8",
  "--users-modal-inner-bg": "#ffffff",
  "--users-readonly-field-text": "rgba(0, 0, 0, 0.87)",
  "--users-select-menu-bg": "#ffffff",
  "--users-select-menu-hover": "#D6DDE8",
  "--users-table-container-bg": "#d6dde8",
  "--users-table-head-bg": "#d6dde8",
  "--users-table-row-bg": "#ffffff",
}
`;

exports[`preset module extraction (Phase 4.3B/4.3C) snapshot: gold preset CSS output parity 2`] = `
Object {
  "--activity-report-chip-border": "rgba(74, 67, 52, 0.4)",
  "--activity-report-filter-field-bg": "#ffffff",
  "--activity-report-filter-field-border": "rgba(74, 67, 52, 0.28)",
  "--activity-report-page-disabled-text": "rgba(44, 40, 32, 0.35)",
  "--activity-report-page-muted-text": "rgba(44, 40, 32, 0.72)",
  "--activity-report-page-text": "#2c2820",
  "--activity-report-pagination-text": "#2c2820",
  "--activity-report-table-container-bg": "#faf0d4",
  "--activity-report-table-head-bg": "#f5e8bc",
  "--activity-report-table-head-text": "#2c2820",
  "--activity-report-table-row-alt-bg": "#f5e8bc",
  "--activity-report-table-row-bg": "#ffffff",
  "--activity-report-table-text": "#2c2820",
  "--alerts-export-menu-bg": "#faf0d4",
  "--alerts-export-menu-border": "rgba(74, 67, 52, 0.28)",
  "--alerts-export-menu-text": "#2c2820",
  "--alerts-menu-bg": "#faf0d4",
  "--alerts-menu-field-bg": "#ffffff",
  "--alerts-menu-hover": "#f5e8bc",
  "--alerts-menu-selected": "rgba(74, 67, 52, 0.18)",
  "--alerts-menu-text": "#2c2820",
  "--alerts-pagination-bg": "#f5e8bc",
  "--alerts-pagination-border": "rgba(74, 67, 52, 0.28)",
  "--alerts-pagination-item-bg": "#ffffff",
  "--alerts-pagination-item-disabled-text": "rgba(44, 40, 32, 0.35)",
  "--alerts-pagination-item-hover-bg": "#f5e8bc",
  "--alerts-pagination-item-selected-bg": "#4A4334",
  "--alerts-pagination-item-selected-text": "#ffffff",
  "--alerts-pagination-item-text": "#2c2820",
  "--alerts-pagination-text": "#2c2820",
  "--alerts-panel-bg": "#faf0d4",
  "--alerts-panel-muted-text": "rgba(44, 40, 32, 0.72)",
  "--alerts-panel-text": "#2c2820",
  "--alerts-table-border": "rgba(74, 67, 52, 0.28)",
  "--alerts-table-container-bg": "#f5e8bc",
  "--alerts-table-head-bg": "linear-gradient(180deg, #4A4334 0%, #443D2E 50%, #3D3629 100%)",
  "--alerts-table-head-text": "#ffffff",
  "--alerts-table-row-alt-bg": "#faf0d4",
  "--alerts-table-row-bg": "#ffffff",
  "--alerts-table-text": "#2c2820",
  "--app-background": "#E6C84C",
  "--app-background-image": "none",
  "--app-button": "#4A4334",
  "--app-button-background": "linear-gradient(180deg, #4A4334 0%, #443D2E 50%, #3D3629 100%)",
  "--app-button-text": "#ffffff",
  "--app-content": "#3d4a5c",
  "--app-page-background": "radial-gradient(circle at 50% 15%, rgba(255,255,255,0.18) 0%, rgba(255,255,255,0.12) 20%, rgba(255,255,255,0.05) 40%, transparent 70%), linear-gradient(180deg, #E6C84C 0%, rgb(236, 213, 120) 42%, rgb(243, 230, 174) 100%)",
  "--app-page-muted-text": "rgba(44, 40, 32, 0.72)",
  "--app-page-text": "#2c2820",
  "--area-groups-border": "rgba(74, 67, 52, 0.28)",
  "--area-groups-chip-bg": "#f5e8bc",
  "--area-groups-inner-bg": "#ffffff",
  "--area-groups-panel-bg": "#faf0d4",
  "--area-picker-light-dialog-bg": "#faf0d4",
  "--area-picker-light-dialog-title-color": "#2c2820",
  "--auth-button-bg": "#4A4334",
  "--auth-button-hover-bg": "#3D3629",
  "--auth-button-text": "#ffffff",
  "--auth-card-bg": "#faf0d4",
  "--auth-card-border": "rgba(74, 67, 52, 0.28)",
  "--auth-card-caption": "rgba(44, 40, 32, 0.65)",
  "--auth-card-shadow": "0 8px 24px rgba(74, 67, 52, 0.14)",
  "--auth-card-subtext": "rgba(44, 40, 32, 0.72)",
  "--auth-card-text": "#2c2820",
  "--auth-field-bg": "#ffffff",
  "--auth-field-border": "rgba(74, 67, 52, 0.28)",
  "--auth-field-border-focus": "#2c2820",
  "--auth-field-text": "#2c2820",
  "--auth-icon-color": "#2c2820",
  "--auth-logo-filter": "brightness(0) saturate(100%)",
  "--auth-page-background-image": "none",
  "--dashboard-alert-filter-bg": "#ffffff",
  "--dashboard-alert-filter-border": "rgba(74, 67, 52, 0.28)",
  "--dashboard-alert-filter-checked-bg": "#f5e8bc",
  "--dashboard-alert-filter-hover-bg": "rgba(74, 67, 52, 0.08)",
  "--dashboard-alert-filter-menu-bg": "#faf0d4",
  "--dashboard-alert-filter-text": "#2c2820",
  "--dashboard-area-tree-hover-bg": "#f5e8bc",
  "--dashboard-card-background": "linear-gradient(180deg, #4A4334 0%, #443D2E 50%, #3D3629 100%)",
  "--dashboard-chart-loading-bg": "rgba(74, 67, 52, 0.35)",
  "--dashboard-chart-loading-spinner-head": "#4A4334",
  "--dashboard-chart-loading-spinner-track": "rgba(74, 67, 52, 0.45)",
  "--dashboard-chart-tooltip-bg": "linear-gradient(180deg, #4A4334 0%, #443D2E 50%, #3D3629 100%)",
  "--dashboard-chart-tooltip-border-color": "rgba(255, 255, 255, 0.85)",
  "--dashboard-chart-tooltip-text": "#ffffff",
  "--dashboard-control-accent": "#4A4334",
  "--dashboard-select-field-bg": "#ffffff",
  "--dashboard-select-field-border": "rgba(74, 67, 52, 0.28)",
  "--dashboard-select-field-text": "#2c2820",
  "--dashboard-select-menu-hover": "rgba(74, 67, 52, 0.12)",
  "--dashboard-select-menu-selected-hover": "rgba(74, 67, 52, 0.28)",
  "--dashboard-select-option-bg": "#faf0d4",
  "--dashboard-select-option-selected-bg": "#4A4334",
  "--dashboard-select-option-selected-text": "#ffffff",
  "--dashboard-select-option-text": "#2c2820",
  "--floor-tool-field-bg": "#ffffff",
  "--floor-tool-field-border": "rgba(74, 67, 52, 0.28)",
  "--floor-tool-field-text": "#2c2820",
  "--footer-background": "linear-gradient(180deg, #E6C84C 0%, rgb(236, 213, 120) 42%, rgb(243, 230, 174) 100%)",
  "--footer-background-color": "#E6C84C",
  "--footer-logo-filter": "none",
  "--footer-text-color": "#2c2820",
  "--heatmap-dialog-paper-bg": "#faf0d4",
  "--heatmap-dialog-section-bg": "linear-gradient(180deg, #4A4334 0%, #443D2E 50%, #3D3629 100%)",
  "--heatmap-dialog-zone-card-bg": "#ffffff",
  "--heatmap-legends-nav-bg": "#faf0d4",
  "--heatmap-legends-nav-text": "#2c2820",
  "--heatmap-rename-dialog-bg": "#faf0d4",
  "--heatmap-rename-dialog-border": "rgba(74, 67, 52, 0.28)",
  "--heatmap-rename-dialog-cancel-border": "rgba(74, 67, 52, 0.35)",
  "--heatmap-rename-dialog-cancel-color": "#2c2820",
  "--heatmap-rename-dialog-field-bg": "#ffffff",
  "--heatmap-rename-dialog-field-border": "rgba(74, 67, 52, 0.28)",
  "--heatmap-rename-dialog-field-text": "#2c2820",
  "--heatmap-rename-dialog-label-bg": "#faf0d4",
  "--heatmap-rename-dialog-label-color": "#2c2820",
  "--heatmap-rename-dialog-shadow": "0 8px 24px rgba(74, 67, 52, 0.18)",
  "--heatmap-rename-dialog-title-color": "#2c2820",
  "--heatmap-select-menu-bg": "#f5e8bc",
  "--heatmap-select-menu-hover": "rgba(74, 67, 52, 0.12)",
  "--heatmap-select-menu-selected": "rgba(74, 67, 52, 0.22)",
  "--heatmap-select-menu-selected-hover": "rgba(74, 67, 52, 0.28)",
  "--heatmap-sidebar-loading-overlay-bg": "rgba(250, 240, 212, 0.94)",
  "--heatmap-sidebar-loading-spinner-color": "#4A4334",
  "--heatmap-sidebar-panel-bg": "rgba(58, 53, 46, 0.55)",
  "--heatmap-sidebar-panel-border": "rgba(255, 255, 255, 0.2)",
  "--heatmap-sidebar-panel-label": "#ffffff",
  "--heatmap-sidebar-section-bg": "linear-gradient(180deg, #4A4334 0%, #443D2E 50%, #3D3629 100%)",
  "--heatmap-sidebar-section-label-bg": "rgba(0, 0, 0, 0.15)",
  "--heatmap-sidebar-section-text": "#ffffff",
  "--heatmap-tab-active-text": "#4A4334",
  "--heatmap-tab-inactive-text": "#ffffff",
  "--heatmap-tab-indicator-bg": "#ffffff",
  "--heatmap-tab-pill-bg": "linear-gradient(180deg, #4A4334 0%, #443D2E 50%, #3D3629 100%)",
  "--help-download-available-bg": "#faf0d4",
  "--help-download-available-border": "#4A4334",
  "--help-download-available-hover-bg": "#f5e8bc",
  "--help-download-available-text": "#000000",
  "--help-download-unavailable-bg": "transparent",
  "--help-download-unavailable-border": "rgba(255, 255, 255, 0.45)",
  "--help-download-unavailable-text": "rgba(255, 255, 255, 0.42)",
  "--home-field-border": "rgba(74, 67, 52, 0.28)",
  "--home-field-surface-bg": "#f5e8bc",
  "--home-tab-active-color": "#3D3629",
  "--premium-border-subtle": "rgba(74, 67, 52, 0.22)",
  "--premium-button-shadow": "inset 0 1px 0 rgba(255, 255, 255, 0.14)",
  "--premium-button-shadow-hover": "inset 0 1px 0 rgba(255, 255, 255, 0.16), 0 4px 14px rgba(74, 67, 52, 0.24)",
  "--premium-card-border": "1px solid rgba(74, 67, 52, 0.22)",
  "--premium-card-shadow": "0 8px 24px rgba(74, 67, 52, 0.12)",
  "--premium-dialog-shadow": "0 12px 32px rgba(74, 67, 52, 0.2)",
  "--premium-easing": "cubic-bezier(0.22, 1, 0.36, 1)",
  "--premium-motion-fast": "150ms",
  "--premium-motion-normal": "250ms",
  "--premium-panel-shadow": "0 4px 18px rgba(74, 67, 52, 0.1)",
  "--premium-radius-lg": "16px",
  "--premium-radius-md": "12px",
  "--premium-radius-sm": "8px",
  "--quick-control-page-text": "#2c2820",
  "--quick-control-radio-border": "#4A4334",
  "--quick-control-radio-checked-fill": "#4A4334",
  "--quick-control-radio-unchecked-fill": "#ffffff",
  "--schedule-event-active-bg": "linear-gradient(90deg, #f5e8bc 0%, #faf0d4 100%)",
  "--schedule-event-active-text": "#2c2820",
  "--schedule-grid-bg": "#3D3629",
  "--schedule-modal-bg": "#faf0d4",
  "--schedule-modal-body-text": "#2c2820",
  "--schedule-modal-item-selected-bg": "#4A4334",
  "--schedule-modal-item-selected-text": "#ffffff",
  "--schedule-modal-muted-text": "rgba(44, 40, 32, 0.72)",
  "--schedule-modal-section-label-color": "#2c2820",
  "--schedule-modal-title-color": "#2c2820",
  "--schedule-page-heading-text": "#2c2820",
  "--schedule-panel-bg": "#faf0d4",
  "--schedule-panel-border": "rgba(74, 67, 52, 0.22)",
  "--schedule-panel-label": "#2c2820",
  "--schedule-section-bg": "#f5e8bc",
  "--schedule-section-text": "#2c2820",
  "--schedule-select-bg": "#faf0d4",
  "--schedule-select-menu-bg": "#faf0d4",
  "--schedule-select-menu-hover": "rgba(74, 67, 52, 0.12)",
  "--schedule-select-menu-selected-hover": "rgba(74, 67, 52, 0.22)",
  "--schedule-select-menu-text": "#2c2820",
  "--schedule-select-text": "#2c2820",
  "--schedule-status-text": "#2c2820",
  "--schedule-today-bg": "#ffffff",
  "--schedule-today-text": "#000000",
  "--settings-color-swatch-selected-stroke": "#4A4334",
  "--settings-form-control-bg": "#ffffff",
  "--settings-form-control-text": "#2c2820",
  "--settings-form-label-color": "#2c2820",
  "--settings-form-section-bg": "#f5e8bc",
  "--settings-panel-border": "rgba(74, 67, 52, 0.28)",
  "--settings-panel-button-bg": "#f5e8bc",
  "--settings-panel-button-text": "#2c2820",
  "--settings-panel-inner-bg": "#faf0d4",
  "--settings-panel-muted-text": "rgba(44, 40, 32, 0.72)",
  "--settings-panel-outer-bg": "#f5e8bc",
  "--settings-panel-text": "#2c2820",
  "--settings-sidebar-active-bg": "linear-gradient(180deg, #4A4334 0%, #443D2E 50%, #3D3629 100%)",
  "--settings-sidebar-active-font-weight": "400",
  "--settings-sidebar-active-text": "#ffffff",
  "--settings-sidebar-font-family": "\\"Roboto\\", \\"Helvetica\\", \\"Arial\\", sans-serif",
  "--settings-sidebar-font-size": "14px",
  "--settings-sidebar-font-style": "normal",
  "--settings-sidebar-font-weight": "400",
  "--settings-sidebar-hover-bg": "rgba(74, 67, 52, 0.14)",
  "--settings-sidebar-letter-spacing": "0.15px",
  "--settings-sidebar-line-height": "20px",
  "--settings-sidebar-text": "#2c2820",
  "--settings-sidebar-title-color": "#2c2820",
  "--settings-sidebar-title-font-size": "24px",
  "--settings-sidebar-title-font-weight": "600",
  "--settings-theme-action-button-bg": "linear-gradient(180deg, #4A4334 0%, #443D2E 50%, #3D3629 100%)",
  "--settings-theme-action-button-text": "#ffffff",
  "--settings-theme-card-bg": "#faf0d4",
  "--settings-theme-dialog-bg": "#faf0d4",
  "--settings-theme-pill-active-bg": "linear-gradient(180deg, #4A4334 0%, #443D2E 50%, #3D3629 100%)",
  "--settings-theme-pill-active-text": "#ffffff",
  "--topbar-nav-active-text": "#2c2820",
  "--topbar-nav-inactive-text": "#ffffff",
  "--topbar-nav-pill-bg": "rgba(250, 240, 212, 0.95)",
  "--topbar-nav-pill-shadow": "0 2px 12px rgba(74, 67, 52, 0.22)",
  "--topbar-navbar-background": "linear-gradient(90deg, #745500 0%, #5A4828 20%, #473D27 50%, #3F3527 75%, #383129 100%)",
  "--topbar-profile-menu-bg": "#faf0d4",
  "--topbar-profile-menu-border": "rgba(74, 67, 52, 0.28)",
  "--topbar-profile-menu-hover-bg": "#f5e8bc",
  "--topbar-profile-menu-icon": "rgba(44, 40, 32, 0.72)",
  "--topbar-profile-menu-text": "#2c2820",
  "--users-border": "rgba(74, 67, 52, 0.28)",
  "--users-chip-bg": "#f5e8bc",
  "--users-confirm-dialog-bg": "#faf0d4",
  "--users-input-bg": "#ffffff",
  "--users-modal-bg": "#faf0d4",
  "--users-modal-info-bg": "#f5e8bc",
  "--users-modal-inner-bg": "#ffffff",
  "--users-select-menu-bg": "#ffffff",
  "--users-select-menu-hover": "#f5e8bc",
  "--users-table-container-bg": "#f5e8bc",
  "--users-table-head-bg": "#f5e8bc",
  "--users-table-row-bg": "#ffffff",
}
`;

exports[`preset module extraction (Phase 4.3B/4.3C) snapshot: theme3 full orchestrator CSS output parity 1`] = `
Object {
  "--activity-report-page-muted-text": "rgba(26, 42, 66, 0.72)",
  "--activity-report-page-text": "#1a2a42",
  "--activity-report-pagination-text": "#1a2a42",
  "--activity-report-table-container-bg": "#ffffff",
  "--activity-report-table-head-bg": "#e8ecf2",
  "--activity-report-table-head-text": "#1a2a42",
  "--activity-report-table-row-alt-bg": "#f4f6f9",
  "--activity-report-table-row-bg": "#ffffff",
  "--activity-report-table-text": "#1a2a42",
  "--alerts-export-menu-bg": "#f4f6f9",
  "--alerts-export-menu-border": "#C5CDD8",
  "--alerts-export-menu-text": "#1a2a42",
  "--alerts-menu-bg": "#f4f6f9",
  "--alerts-menu-hover": "#e8ecf2",
  "--alerts-menu-selected": "rgba(61, 74, 92, 0.18)",
  "--alerts-menu-text": "#1a2a42",
  "--alerts-pagination-bg": "#e8ecf2",
  "--alerts-pagination-border": "#C5CDD8",
  "--alerts-pagination-item-bg": "#ffffff",
  "--alerts-pagination-item-disabled-text": "rgba(26, 42, 66, 0.35)",
  "--alerts-pagination-item-hover-bg": "#e8ecf2",
  "--alerts-pagination-item-selected-bg": "#3D4A5C",
  "--alerts-pagination-item-selected-text": "#ffffff",
  "--alerts-pagination-item-text": "#1a2a42",
  "--alerts-pagination-text": "#1a2a42",
  "--alerts-panel-bg": "#f4f6f9",
  "--alerts-panel-muted-text": "rgba(26, 42, 66, 0.72)",
  "--alerts-panel-text": "#1a2a42",
  "--alerts-table-border": "#C5CDD8",
  "--alerts-table-container-bg": "#e8ecf2",
  "--alerts-table-head-bg": "linear-gradient(90deg, #3D4A5C 0%, #4A586C 25%, #58687B 50%, #4A586C 75%, #3D4A5C 100%)",
  "--alerts-table-head-text": "#ffffff",
  "--alerts-table-row-alt-bg": "#f4f6f9",
  "--alerts-table-row-bg": "#ffffff",
  "--alerts-table-text": "#1a2a42",
  "--app-background": "#58687B",
  "--app-background-image": "none",
  "--app-button": "#3D4A5C",
  "--app-button-background": "linear-gradient(90deg, #3D4A5C 0%, #4A586C 25%, #58687B 50%, #4A586C 75%, #3D4A5C 100%)",
  "--app-button-text": "#ffffff",
  "--app-content": "#3d4a5c",
  "--app-page-background": "radial-gradient(circle at 88% 6%, rgba(255,255,255,0.42) 0%, rgba(255,255,255,0.14) 32%, transparent 62%), linear-gradient(135deg, #58687B 0%, #6F8096 22%, #859AB7 48%, #C8CED9 72%, #E8E9F0 100%)",
  "--app-page-muted-text": "rgba(26, 42, 66, 0.72)",
  "--app-page-text": "#1a2a42",
  "--area-groups-border": "#C5CDD8",
  "--area-groups-chip-bg": "#e8ecf2",
  "--area-groups-inner-bg": "#ffffff",
  "--area-groups-panel-bg": "#f4f6f9",
  "--area-picker-light-dialog-bg": "#f4f6f9",
  "--area-picker-light-dialog-field-text": "#1a2a42",
  "--area-picker-light-dialog-title-color": "#1a2a42",
  "--auth-button-bg": "#1c2330",
  "--auth-button-hover-bg": "#3D4A5C",
  "--auth-button-text": "#ffffff",
  "--auth-card-bg": "linear-gradient(135deg, #3D4A5C 0%, #4A586C 100%)",
  "--auth-card-border": "#C5CDD8",
  "--auth-card-caption": "#D6DDE8",
  "--auth-card-shadow": "0 8px 32px rgba(0, 0, 0, 0.18)",
  "--auth-card-subtext": "rgba(214, 221, 232, 0.95)",
  "--auth-card-text": "#ffffff",
  "--auth-field-bg": "#ffffff",
  "--auth-field-border": "#C5CDD8",
  "--auth-field-border-focus": "#3D4A5C",
  "--auth-field-text": "#1c2330",
  "--auth-icon-color": "#D6DDE8",
  "--auth-logo-filter": "none",
  "--auth-page-background-image": "none",
  "--dashboard-alert-filter-bg": "#ffffff",
  "--dashboard-alert-filter-border": "#C5CDD8",
  "--dashboard-alert-filter-checked-bg": "#e8ecf2",
  "--dashboard-alert-filter-hover-bg": "rgba(61, 74, 92, 0.08)",
  "--dashboard-alert-filter-menu-bg": "#f4f6f9",
  "--dashboard-alert-filter-text": "#1a2a42",
  "--dashboard-area-tree-hover-bg": "#e8ecf2",
  "--dashboard-card-background": "linear-gradient(90deg, #3D4A5C 0%, #4A586C 25%, #58687B 50%, #4A586C 75%, #3D4A5C 100%)",
  "--dashboard-chart-loading-bg": "rgba(61, 74, 92, 0.28)",
  "--dashboard-chart-loading-spinner-head": "#3D4A5C",
  "--dashboard-chart-loading-spinner-track": "rgba(61, 74, 92, 0.4)",
  "--dashboard-chart-tooltip-bg": "linear-gradient(90deg, #3D4A5C 0%, #4A586C 25%, #58687B 50%, #4A586C 75%, #3D4A5C 100%)",
  "--dashboard-chart-tooltip-border-color": "rgba(255, 255, 255, 0.85)",
  "--dashboard-chart-tooltip-text": "#ffffff",
  "--dashboard-control-accent": "#3D4A5C",
  "--dashboard-select-field-bg": "#ffffff",
  "--dashboard-select-field-border": "#C5CDD8",
  "--dashboard-select-field-text": "#1a2a42",
  "--dashboard-select-menu-hover": "rgba(61, 74, 92, 0.12)",
  "--dashboard-select-menu-selected-hover": "rgba(61, 74, 92, 0.28)",
  "--dashboard-select-option-bg": "#f4f6f9",
  "--dashboard-select-option-selected-bg": "#3D4A5C",
  "--dashboard-select-option-selected-text": "#ffffff",
  "--dashboard-select-option-text": "#1a2a42",
  "--floor-tool-field-bg": "#ffffff",
  "--floor-tool-field-border": "#C5CDD8",
  "--floor-tool-field-text": "#1c2330",
  "--footer-background": "radial-gradient(circle at 88% 6%, rgba(255,255,255,0.42) 0%, rgba(255,255,255,0.14) 32%, transparent 62%), linear-gradient(135deg, #58687B 0%, #6F8096 22%, #859AB7 48%, #C8CED9 72%, #E8E9F0 100%)",
  "--footer-background-color": "#58687B",
  "--footer-logo-filter": "none",
  "--footer-text-color": "#1a2a42",
  "--heatmap-dialog-paper-bg": "#f4f6f9",
  "--heatmap-dialog-section-bg": "linear-gradient(90deg, #3D4A5C 0%, #4A586C 25%, #58687B 50%, #4A586C 75%, #3D4A5C 100%)",
  "--heatmap-dialog-zone-card-bg": "#ffffff",
  "--heatmap-legends-nav-bg": "#e8ecf2",
  "--heatmap-legends-nav-text": "#1a2a42",
  "--heatmap-rename-dialog-bg": "#f4f6f9",
  "--heatmap-select-menu-bg": "#e8ecf2",
  "--heatmap-select-menu-hover": "rgba(61, 74, 92, 0.12)",
  "--heatmap-select-menu-selected": "rgba(61, 74, 92, 0.22)",
  "--heatmap-select-menu-selected-hover": "rgba(61, 74, 92, 0.28)",
  "--heatmap-sidebar-loading-overlay-bg": "rgba(232, 236, 242, 0.94)",
  "--heatmap-sidebar-loading-spinner-color": "#3D4A5C",
  "--heatmap-sidebar-panel-bg": "rgba(61, 74, 92, 0.5)",
  "--heatmap-sidebar-panel-border": "rgba(255, 255, 255, 0.2)",
  "--heatmap-sidebar-panel-label": "#ffffff",
  "--heatmap-sidebar-section-bg": "linear-gradient(90deg, #3D4A5C 0%, #4A586C 25%, #58687B 50%, #4A586C 75%, #3D4A5C 100%)",
  "--heatmap-sidebar-section-label-bg": "rgba(0, 0, 0, 0.12)",
  "--heatmap-sidebar-section-text": "#ffffff",
  "--heatmap-tab-active-text": "#3D4A5C",
  "--heatmap-tab-inactive-text": "#ffffff",
  "--heatmap-tab-indicator-bg": "#ffffff",
  "--heatmap-tab-pill-bg": "linear-gradient(90deg, #3D4A5C 0%, #4A586C 25%, #58687B 50%, #4A586C 75%, #3D4A5C 100%)",
  "--home-field-border": "#C5CDD8",
  "--home-field-surface-bg": "#e8ecf2",
  "--home-tab-active-color": "#3D4A5C",
  "--premium-border-subtle": "rgba(61, 74, 92, 0.22)",
  "--premium-button-shadow": "inset 0 1px 0 rgba(255, 255, 255, 0.12)",
  "--premium-button-shadow-hover": "inset 0 1px 0 rgba(255, 255, 255, 0.14), 0 4px 14px rgba(45, 58, 74, 0.28)",
  "--premium-card-border": "1px solid rgba(61, 74, 92, 0.28)",
  "--premium-card-shadow": "0 8px 24px rgba(45, 58, 74, 0.14)",
  "--premium-dialog-shadow": "0 12px 32px rgba(45, 58, 74, 0.22)",
  "--premium-easing": "cubic-bezier(0.22, 1, 0.36, 1)",
  "--premium-motion-fast": "150ms",
  "--premium-motion-normal": "250ms",
  "--premium-panel-shadow": "0 4px 18px rgba(45, 58, 74, 0.12)",
  "--premium-radius-lg": "16px",
  "--premium-radius-md": "12px",
  "--premium-radius-sm": "8px",
  "--quick-control-page-text": "#1a2a42",
  "--quick-control-radio-border": "#3D4A5C",
  "--quick-control-radio-checked-fill": "#3D4A5C",
  "--quick-control-radio-unchecked-fill": "#ffffff",
  "--schedule-event-active-bg": "linear-gradient(90deg, #1E75BB 0%, #3A8DFF 100%)",
  "--schedule-event-active-text": "#ffffff",
  "--schedule-grid-bg": "#3d4a5c",
  "--schedule-modal-bg": "#f4f6f9",
  "--schedule-modal-body-text": "#1a2a42",
  "--schedule-modal-item-selected-bg": "#3D4A5C",
  "--schedule-modal-item-selected-text": "#ffffff",
  "--schedule-modal-muted-text": "rgba(26, 42, 66, 0.72)",
  "--schedule-modal-section-label-color": "#1a2a42",
  "--schedule-modal-title-color": "#1a2a42",
  "--schedule-page-heading-text": "#1a2a42",
  "--schedule-panel-bg": "#f4f6f9",
  "--schedule-panel-border": "#C5CDD8",
  "--schedule-panel-label": "#1a2a42",
  "--schedule-section-bg": "linear-gradient(90deg, #3D4A5C 0%, #4A586C 25%, #58687B 50%, #4A586C 75%, #3D4A5C 100%)",
  "--schedule-section-text": "#ffffff",
  "--schedule-select-bg": "#f4f6f9",
  "--schedule-select-menu-bg": "#f4f6f9",
  "--schedule-select-menu-hover": "rgba(61, 74, 92, 0.12)",
  "--schedule-select-menu-selected-hover": "rgba(61, 74, 92, 0.22)",
  "--schedule-select-menu-text": "#1a2a42",
  "--schedule-select-text": "#1a2a42",
  "--schedule-status-text": "#1E75BB",
  "--schedule-today-bg": "#1E75BB",
  "--schedule-today-text": "#ffffff",
  "--settings-color-swatch-selected-stroke": "#3D4A5C",
  "--settings-form-control-bg": "#ffffff",
  "--settings-form-control-text": "#1a2a42",
  "--settings-form-label-color": "#1a2a42",
  "--settings-form-section-bg": "#e8ecf2",
  "--settings-panel-border": "#C5CDD8",
  "--settings-panel-button-bg": "#e8ecf2",
  "--settings-panel-button-text": "#1a2a42",
  "--settings-panel-inner-bg": "#f4f6f9",
  "--settings-panel-muted-text": "rgba(26, 42, 66, 0.72)",
  "--settings-panel-outer-bg": "#e8ecf2",
  "--settings-panel-text": "#1a2a42",
  "--settings-sidebar-active-bg": "linear-gradient(90deg, #3D4A5C 0%, #4A586C 25%, #58687B 50%, #4A586C 75%, #3D4A5C 100%)",
  "--settings-sidebar-active-font-weight": "400",
  "--settings-sidebar-active-text": "#ffffff",
  "--settings-sidebar-font-family": "\\"Roboto\\", \\"Helvetica\\", \\"Arial\\", sans-serif",
  "--settings-sidebar-font-size": "14px",
  "--settings-sidebar-font-style": "normal",
  "--settings-sidebar-font-weight": "400",
  "--settings-sidebar-hover-bg": "rgba(61, 74, 92, 0.12)",
  "--settings-sidebar-letter-spacing": "0.15px",
  "--settings-sidebar-line-height": "20px",
  "--settings-sidebar-text": "#1a2a42",
  "--settings-sidebar-title-color": "#1a2a42",
  "--settings-sidebar-title-font-size": "24px",
  "--settings-sidebar-title-font-weight": "600",
  "--settings-theme-action-button-bg": "linear-gradient(90deg, #3D4A5C 0%, #4A586C 25%, #58687B 50%, #4A586C 75%, #3D4A5C 100%)",
  "--settings-theme-action-button-text": "#ffffff",
  "--settings-theme-card-bg": "#f4f6f9",
  "--settings-theme-dialog-bg": "#f4f6f9",
  "--settings-theme-pill-active-bg": "linear-gradient(90deg, #3D4A5C 0%, #4A586C 25%, #58687B 50%, #4A586C 75%, #3D4A5C 100%)",
  "--settings-theme-pill-active-text": "#ffffff",
  "--settings-theme-pill-inactive-border": "#C5CDD8",
  "--topbar-nav-active-text": "#1a2a42",
  "--topbar-nav-inactive-text": "#ffffff",
  "--topbar-nav-pill-bg": "rgba(244, 246, 249, 0.95)",
  "--topbar-nav-pill-shadow": "0 2px 12px rgba(45, 58, 74, 0.2)",
  "--topbar-navbar-background": "linear-gradient(90deg, #3D4A5C 0%, #4A586C 25%, #58687B 50%, #4A586C 75%, #3D4A5C 100%)",
  "--topbar-profile-menu-bg": "#f4f6f9",
  "--topbar-profile-menu-border": "#C5CDD8",
  "--topbar-profile-menu-hover-bg": "#e8ecf2",
  "--topbar-profile-menu-icon": "rgba(26, 42, 66, 0.72)",
  "--topbar-profile-menu-text": "#1a2a42",
  "--users-border": "#C5CDD8",
  "--users-chip-bg": "#e8ecf2",
  "--users-confirm-dialog-bg": "#f4f6f9",
  "--users-input-bg": "#ffffff",
  "--users-modal-bg": "#f4f6f9",
  "--users-modal-info-bg": "#e8ecf2",
  "--users-modal-inner-bg": "#ffffff",
  "--users-select-menu-bg": "#ffffff",
  "--users-select-menu-hover": "#e8ecf2",
  "--users-table-container-bg": "#e8ecf2",
  "--users-table-head-bg": "#e8ecf2",
  "--users-table-row-bg": "#ffffff",
}
`;

exports[`preset module extraction (Phase 4.3B/4.3C) snapshot: theme3 preset module inline output 1`] = `
Object {
  "--app-page-muted-text": "rgba(26, 42, 66, 0.72)",
  "--app-page-text": "#1a2a42",
  "--dashboard-select-field-text": "#1a2a42",
  "--quick-control-page-text": "#1a2a42",
  "--settings-panel-border": "#C5CDD8",
  "--settings-panel-text": "#1a2a42",
  "--settings-sidebar-active-bg": "linear-gradient(90deg, #3D4A5C 0%, #4A586C 25%, #58687B 50%, #4A586C 75%, #3D4A5C 100%)",
  "--settings-theme-action-button-bg": "linear-gradient(90deg, #3D4A5C 0%, #4A586C 25%, #58687B 50%, #4A586C 75%, #3D4A5C 100%)",
  "--settings-theme-action-button-text": "#ffffff",
  "--settings-theme-pill-active-bg": "linear-gradient(90deg, #3D4A5C 0%, #4A586C 25%, #58687B 50%, #4A586C 75%, #3D4A5C 100%)",
  "--settings-theme-pill-active-text": "#ffffff",
  "--settings-theme-pill-inactive-border": "#C5CDD8",
  "--topbar-nav-active-text": "#1a2a42",
  "--topbar-nav-inactive-text": "#ffffff",
  "--topbar-nav-pill-bg": "rgba(244, 246, 249, 0.95)",
  "--topbar-profile-menu-bg": "#f4f6f9",
  "--topbar-profile-menu-border": "#C5CDD8",
  "--topbar-profile-menu-hover-bg": "#e8ecf2",
  "--topbar-profile-menu-icon": "rgba(26, 42, 66, 0.72)",
  "--topbar-profile-menu-text": "#1a2a42",
}
`;

exports[`preset module extraction (Phase 4.3B/4.3C) snapshot: theme4 preset CSS output parity 2`] = `
Object {
  "--activity-report-chip-border": "rgba(64, 58, 49, 0.4)",
  "--activity-report-filter-field-bg": "#f0ebe3",
  "--activity-report-filter-field-border": "rgba(64, 58, 49, 0.28)",
  "--activity-report-page-disabled-text": "rgba(44, 40, 32, 0.35)",
  "--activity-report-page-muted-text": "rgba(44, 40, 32, 0.72)",
  "--activity-report-page-text": "#2c2820",
  "--activity-report-pagination-text": "#2c2820",
  "--activity-report-table-container-bg": "#ffffff",
  "--activity-report-table-head-bg": "#f0ebe3",
  "--activity-report-table-head-text": "#2c2820",
  "--activity-report-table-row-alt-bg": "#faf6ef",
  "--activity-report-table-row-bg": "#ffffff",
  "--activity-report-table-text": "#2c2820",
  "--alerts-export-menu-bg": "#faf6ef",
  "--alerts-export-menu-border": "rgba(64, 58, 49, 0.28)",
  "--alerts-export-menu-text": "#2c2820",
  "--alerts-menu-bg": "#faf6ef",
  "--alerts-menu-field-bg": "#ffffff",
  "--alerts-menu-hover": "#f0ebe3",
  "--alerts-menu-selected": "rgba(64, 58, 49, 0.18)",
  "--alerts-menu-text": "#2c2820",
  "--alerts-pagination-bg": "linear-gradient(90deg, #403A31 0%, #4B453B 25%, #575045 50%, #4B453B 75%, #403A31 100%)",
  "--alerts-pagination-border": "rgba(255, 255, 255, 0.15)",
  "--alerts-pagination-item-bg": "rgba(255, 255, 255, 0.2)",
  "--alerts-pagination-item-disabled-text": "rgba(255, 255, 255, 0.35)",
  "--alerts-pagination-item-hover-bg": "rgba(255, 255, 255, 0.32)",
  "--alerts-pagination-item-selected-bg": "#403A31",
  "--alerts-pagination-item-selected-text": "#ffffff",
  "--alerts-pagination-item-text": "#ffffff",
  "--alerts-pagination-text": "#ffffff",
  "--alerts-panel-bg": "var(--dashboard-card-background)",
  "--alerts-panel-muted-text": "rgba(255, 255, 255, 0.9)",
  "--alerts-panel-text": "#ffffff",
  "--alerts-table-border": "rgba(64, 58, 49, 0.28)",
  "--alerts-table-container-bg": "#f0ebe3",
  "--alerts-table-head-bg": "linear-gradient(90deg, #403A31 0%, #4B453B 25%, #575045 50%, #4B453B 75%, #403A31 100%)",
  "--alerts-table-head-text": "#ffffff",
  "--alerts-table-row-alt-bg": "#faf6ef",
  "--alerts-table-row-bg": "#ffffff",
  "--alerts-table-text": "#2c2820",
  "--app-background": "#A89773",
  "--app-background-image": "none",
  "--app-button": "#403A31",
  "--app-button-background": "linear-gradient(90deg, #403A31 0%, #4B453B 25%, #575045 50%, #4B453B 75%, #403A31 100%)",
  "--app-button-text": "#ffffff",
  "--app-content": "#3d4a5c",
  "--app-page-background": "radial-gradient(circle at 50% 20%, rgba(255,255,255,0.18) 0%, rgba(255,255,255,0.08) 35%, transparent 70%), linear-gradient(180deg, #A89773 0%, #C7BA9A 18%, #DDD2BA 50%, #E7DDC8 100%)",
  "--app-page-muted-text": "rgba(44, 40, 32, 0.72)",
  "--app-page-text": "#2c2820",
  "--area-groups-border": "rgba(64, 58, 49, 0.28)",
  "--area-groups-chip-bg": "#f0ebe3",
  "--area-groups-inner-bg": "#f0ebe3",
  "--area-groups-panel-bg": "#faf6ef",
  "--area-picker-confirm-dialog-body-text": "rgba(255, 255, 255, 0.92)",
  "--area-picker-light-dialog-bg": "linear-gradient(90deg, #403A31 0%, #4B453B 25%, #575045 50%, #4B453B 75%, #403A31 100%)",
  "--area-picker-light-dialog-field-text": "#2c2820",
  "--area-picker-light-dialog-title-color": "#ffffff",
  "--auth-button-background": "linear-gradient(90deg, #403A31 0%, #4B453B 25%, #575045 50%, #4B453B 75%, #403A31 100%)",
  "--auth-button-bg": "#403A31",
  "--auth-button-hover-bg": "#403A31",
  "--auth-button-text": "#ffffff",
  "--auth-card-bg": "linear-gradient(90deg, #403A31 0%, #4B453B 25%, #575045 50%, #4B453B 75%, #403A31 100%)",
  "--auth-card-border": "rgba(64, 58, 49, 0.35)",
  "--auth-card-caption": "rgba(255, 255, 255, 0.85)",
  "--auth-card-shadow": "0 8px 32px rgba(64, 58, 49, 0.28)",
  "--auth-card-subtext": "rgba(255, 255, 255, 0.92)",
  "--auth-card-text": "#ffffff",
  "--auth-field-bg": "#ffffff",
  "--auth-field-border": "#C5CDD8",
  "--auth-field-border-focus": "#403A31",
  "--auth-field-text": "#1c2330",
  "--auth-icon-color": "#ffffff",
  "--auth-logo-filter": "none",
  "--auth-page-background-image": "none",
  "--dashboard-alert-filter-bg": "#ffffff",
  "--dashboard-alert-filter-border": "rgba(64, 58, 49, 0.28)",
  "--dashboard-alert-filter-checked-bg": "#f0ebe3",
  "--dashboard-alert-filter-hover-bg": "rgba(64, 58, 49, 0.08)",
  "--dashboard-alert-filter-menu-bg": "#faf6ef",
  "--dashboard-alert-filter-text": "#2c2820",
  "--dashboard-area-tree-hover-bg": "#f0ebe3",
  "--dashboard-card-background": "linear-gradient(90deg, #403A31 0%, #4B453B 25%, #575045 50%, #4B453B 75%, #403A31 100%)",
  "--dashboard-chart-loading-bg": "rgba(64, 58, 49, 0.32)",
  "--dashboard-chart-loading-spinner-head": "#403A31",
  "--dashboard-chart-loading-spinner-track": "rgba(64, 58, 49, 0.45)",
  "--dashboard-chart-tooltip-bg": "linear-gradient(90deg, #403A31 0%, #4B453B 25%, #575045 50%, #4B453B 75%, #403A31 100%)",
  "--dashboard-chart-tooltip-border-color": "rgba(255, 255, 255, 0.85)",
  "--dashboard-chart-tooltip-text": "#ffffff",
  "--dashboard-control-accent": "#403A31",
  "--dashboard-select-field-bg": "#ffffff",
  "--dashboard-select-field-border": "rgba(64, 58, 49, 0.28)",
  "--dashboard-select-field-text": "#2c2820",
  "--dashboard-select-menu-hover": "rgba(64, 58, 49, 0.12)",
  "--dashboard-select-menu-selected-hover": "rgba(64, 58, 49, 0.28)",
  "--dashboard-select-option-bg": "#faf6ef",
  "--dashboard-select-option-selected-bg": "#403A31",
  "--dashboard-select-option-selected-text": "#ffffff",
  "--dashboard-select-option-text": "#2c2820",
  "--floor-tool-field-bg": "#ffffff",
  "--floor-tool-field-border": "#C5CDD8",
  "--floor-tool-field-text": "#1c2330",
  "--footer-background": "radial-gradient(circle at 50% 20%, rgba(255,255,255,0.18) 0%, rgba(255,255,255,0.08) 35%, transparent 70%), linear-gradient(180deg, #A89773 0%, #C7BA9A 18%, #DDD2BA 50%, #E7DDC8 100%)",
  "--footer-background-color": "#A89773",
  "--footer-logo-filter": "none",
  "--footer-text-color": "#1a1a1a",
  "--heatmap-dialog-paper-bg": "#faf6ef",
  "--heatmap-dialog-section-bg": "linear-gradient(90deg, #403A31 0%, #4B453B 25%, #575045 50%, #4B453B 75%, #403A31 100%)",
  "--heatmap-dialog-zone-card-bg": "#ffffff",
  "--heatmap-legends-nav-bg": "#f0ebe3",
  "--heatmap-legends-nav-text": "#2c2820",
  "--heatmap-rename-dialog-bg": "linear-gradient(90deg, #403A31 0%, #4B453B 25%, #575045 50%, #4B453B 75%, #403A31 100%)",
  "--heatmap-select-menu-bg": "#f0ebe3",
  "--heatmap-select-menu-hover": "rgba(64, 58, 49, 0.12)",
  "--heatmap-select-menu-selected": "rgba(64, 58, 49, 0.22)",
  "--heatmap-select-menu-selected-hover": "rgba(64, 58, 49, 0.28)",
  "--heatmap-sidebar-loading-overlay-bg": "rgba(250, 246, 239, 0.94)",
  "--heatmap-sidebar-loading-spinner-color": "#403A31",
  "--heatmap-sidebar-panel-bg": "rgba(64, 58, 49, 0.55)",
  "--heatmap-sidebar-panel-border": "rgba(255, 255, 255, 0.2)",
  "--heatmap-sidebar-panel-label": "#ffffff",
  "--heatmap-sidebar-section-bg": "linear-gradient(90deg, #403A31 0%, #4B453B 25%, #575045 50%, #4B453B 75%, #403A31 100%)",
  "--heatmap-sidebar-section-label-bg": "rgba(0, 0, 0, 0.15)",
  "--heatmap-sidebar-section-text": "#ffffff",
  "--heatmap-tab-active-text": "#403A31",
  "--heatmap-tab-inactive-text": "#ffffff",
  "--heatmap-tab-indicator-bg": "#ffffff",
  "--heatmap-tab-pill-bg": "linear-gradient(90deg, #403A31 0%, #4B453B 25%, #575045 50%, #4B453B 75%, #403A31 100%)",
  "--home-editor-text": "#2c2820",
  "--home-field-border": "rgba(64, 58, 49, 0.28)",
  "--home-field-surface-bg": "#f0ebe3",
  "--home-tab-active-color": "#403A31",
  "--premium-border-subtle": "rgba(64, 58, 49, 0.22)",
  "--premium-button-shadow": "inset 0 1px 0 rgba(255, 255, 255, 0.12)",
  "--premium-button-shadow-hover": "inset 0 1px 0 rgba(255, 255, 255, 0.14), 0 4px 14px rgba(64, 58, 49, 0.26)",
  "--premium-card-border": "1px solid rgba(64, 58, 49, 0.24)",
  "--premium-card-shadow": "0 8px 24px rgba(64, 58, 49, 0.14)",
  "--premium-dialog-shadow": "0 12px 32px rgba(64, 58, 49, 0.22)",
  "--premium-easing": "cubic-bezier(0.22, 1, 0.36, 1)",
  "--premium-motion-fast": "150ms",
  "--premium-motion-normal": "250ms",
  "--premium-panel-shadow": "0 4px 18px rgba(64, 58, 49, 0.11)",
  "--premium-radius-lg": "16px",
  "--premium-radius-md": "12px",
  "--premium-radius-sm": "8px",
  "--quick-control-page-text": "#2c2820",
  "--quick-control-radio-border": "rgba(255, 255, 255, 0.9)",
  "--quick-control-radio-checked-fill": "#ffffff",
  "--quick-control-radio-unchecked-fill": "transparent",
  "--schedule-event-active-bg": "linear-gradient(90deg, #f0ebe3 0%, #faf6ef 100%)",
  "--schedule-event-active-text": "#2c2820",
  "--schedule-grid-bg": "linear-gradient(90deg, #403A31 0%, #4B453B 25%, #575045 50%, #4B453B 75%, #403A31 100%)",
  "--schedule-modal-bg": "linear-gradient(90deg, #403A31 0%, #4B453B 25%, #575045 50%, #4B453B 75%, #403A31 100%)",
  "--schedule-modal-body-text": "#ffffff",
  "--schedule-modal-item-selected-bg": "#403A31",
  "--schedule-modal-item-selected-text": "#ffffff",
  "--schedule-modal-muted-text": "rgba(255, 255, 255, 0.9)",
  "--schedule-modal-section-label-color": "#ffffff",
  "--schedule-modal-title-color": "#ffffff",
  "--schedule-page-heading-text": "#2c2820",
  "--schedule-panel-bg": "#f0ebe3",
  "--schedule-panel-border": "rgba(64, 58, 49, 0.28)",
  "--schedule-panel-label": "#2c2820",
  "--schedule-section-bg": "linear-gradient(90deg, #403A31 0%, #4B453B 25%, #575045 50%, #4B453B 75%, #403A31 100%)",
  "--schedule-section-text": "#ffffff",
  "--schedule-select-bg": "#faf6ef",
  "--schedule-select-menu-bg": "#faf6ef",
  "--schedule-select-menu-hover": "rgba(64, 58, 49, 0.12)",
  "--schedule-select-menu-selected-hover": "rgba(64, 58, 49, 0.22)",
  "--schedule-select-menu-text": "#2c2820",
  "--schedule-select-text": "#2c2820",
  "--schedule-status-text": "#2c2820",
  "--schedule-today-bg": "#ffffff",
  "--schedule-today-text": "#2c2820",
  "--settings-form-control-bg": "#ffffff",
  "--settings-form-control-text": "#2c2820",
  "--settings-form-label-color": "#2c2820",
  "--settings-form-section-bg": "#f0ebe3",
  "--settings-panel-border": "rgba(64, 58, 49, 0.28)",
  "--settings-panel-button-bg": "#f0ebe3",
  "--settings-panel-button-text": "#ffffff",
  "--settings-panel-inner-bg": "#faf6ef",
  "--settings-panel-muted-text": "rgba(44, 40, 32, 0.72)",
  "--settings-panel-outer-bg": "#f0ebe3",
  "--settings-panel-text": "#2c2820",
  "--settings-sidebar-active-bg": "linear-gradient(90deg, #403A31 0%, #4B453B 25%, #575045 50%, #4B453B 75%, #403A31 100%)",
  "--settings-sidebar-active-font-weight": "400",
  "--settings-sidebar-active-text": "#ffffff",
  "--settings-sidebar-font-family": "\\"Roboto\\", \\"Helvetica\\", \\"Arial\\", sans-serif",
  "--settings-sidebar-font-size": "14px",
  "--settings-sidebar-font-style": "normal",
  "--settings-sidebar-font-weight": "400",
  "--settings-sidebar-hover-bg": "rgba(64, 58, 49, 0.14)",
  "--settings-sidebar-letter-spacing": "0.15px",
  "--settings-sidebar-line-height": "20px",
  "--settings-sidebar-text": "#2c2820",
  "--settings-sidebar-title-color": "#2c2820",
  "--settings-sidebar-title-font-size": "24px",
  "--settings-sidebar-title-font-weight": "600",
  "--settings-theme-action-button-bg": "linear-gradient(90deg, #403A31 0%, #4B453B 25%, #575045 50%, #4B453B 75%, #403A31 100%)",
  "--settings-theme-action-button-text": "#ffffff",
  "--settings-theme-card-bg": "#faf6ef",
  "--settings-theme-dialog-bg": "linear-gradient(90deg, #403A31 0%, #4B453B 25%, #575045 50%, #4B453B 75%, #403A31 100%)",
  "--settings-theme-pill-active-bg": "linear-gradient(90deg, #403A31 0%, #4B453B 25%, #575045 50%, #4B453B 75%, #403A31 100%)",
  "--settings-theme-pill-active-text": "#ffffff",
  "--topbar-nav-active-text": "#2c2820",
  "--topbar-nav-inactive-text": "#ffffff",
  "--topbar-nav-pill-bg": "rgba(240, 235, 227, 0.95)",
  "--topbar-nav-pill-shadow": "0 2px 12px rgba(64, 58, 49, 0.24)",
  "--topbar-navbar-background": "linear-gradient(90deg, #4A4439 0%, #544D42 20%, #5A5348 50%, #544D42 80%, #4A4439 100%)",
  "--topbar-profile-menu-bg": "#faf6ef",
  "--topbar-profile-menu-border": "rgba(64, 58, 49, 0.28)",
  "--topbar-profile-menu-hover-bg": "#f0ebe3",
  "--topbar-profile-menu-icon": "rgba(44, 40, 32, 0.72)",
  "--topbar-profile-menu-text": "#2c2820",
  "--users-border": "rgba(64, 58, 49, 0.28)",
  "--users-chip-bg": "#f0ebe3",
  "--users-confirm-dialog-bg": "#faf6ef",
  "--users-input-bg": "#ffffff",
  "--users-modal-bg": "#faf6ef",
  "--users-modal-info-bg": "#f0ebe3",
  "--users-modal-inner-bg": "#ffffff",
  "--users-select-menu-bg": "#f0ebe3",
  "--users-select-menu-hover": "rgba(64, 58, 49, 0.12)",
  "--users-table-container-bg": "#ffffff",
  "--users-table-head-bg": "#f0ebe3",
  "--users-table-row-bg": "#faf6ef",
}
`;
